TESTDONE: 1503 tests were considered during 2886 seconds.
TESTDONE: 1149 tests out of 1152 reported OK: 99%

TESTFAIL: These test cases failed: 1086 1206 1207

make[1]: Leaving directory '/fultonm/dev/curlport/curl-7.83.1/tests'

